[shippingwebsitesample.site/index.html]
[backblue.gif]
[fade.gif]
[index.html]
[shippingwebsitesample.site/assets/img/favicons/apple-touch-icon.png]
[shippingwebsitesample.site/assets/img/favicons/favicon-32x32.png]
[shippingwebsitesample.site/assets/img/favicons/favicon-16x16.png]
[shippingwebsitesample.site/assets/img/favicons/site.webmanifest]
[shippingwebsitesample.site/assets/css/bootstrap.min.css]
[shippingwebsitesample.site/assets/css/animate.min.css]
[shippingwebsitesample.site/assets/css/custom-animate.css]
[shippingwebsitesample.site/assets/css/swiper.min.css]
[shippingwebsitesample.site/assets/css/font-awesome-all.css]
[shippingwebsitesample.site/assets/css/jarallax.css]
[shippingwebsitesample.site/assets/css/jquery.magnific-popup.css]
[shippingwebsitesample.site/assets/css/odometer.min.css]
[shippingwebsitesample.site/assets/css/flaticon.css]
[shippingwebsitesample.site/assets/css/owl.carousel.min.css]
[shippingwebsitesample.site/assets/css/owl.theme.default.min.css]
[shippingwebsitesample.site/assets/css/nice-select.css]
[shippingwebsitesample.site/assets/css/jquery-ui.css]
[shippingwebsitesample.site/assets/css/module-css/slider.css]
[shippingwebsitesample.site/assets/css/module-css/banner.css]
[shippingwebsitesample.site/assets/css/module-css/about.css]
[shippingwebsitesample.site/assets/css/module-css/sliding-text.css]
[shippingwebsitesample.site/assets/css/module-css/services.css]
[shippingwebsitesample.site/assets/css/module-css/projects.css]
[shippingwebsitesample.site/assets/css/module-css/design-interior.css]
[shippingwebsitesample.site/assets/css/module-css/testimonial.css]
[shippingwebsitesample.site/assets/css/module-css/video.css]
[shippingwebsitesample.site/assets/css/module-css/awards.css]
[shippingwebsitesample.site/assets/css/module-css/blog.css]
[shippingwebsitesample.site/assets/css/module-css/brand.css]
[shippingwebsitesample.site/assets/css/module-css/counter.css]
[shippingwebsitesample.site/assets/css/module-css/team.css]
[shippingwebsitesample.site/assets/css/module-css/why-choose.css]
[shippingwebsitesample.site/assets/css/module-css/skill.css]
[shippingwebsitesample.site/assets/css/module-css/faq.css]
[shippingwebsitesample.site/assets/css/module-css/cta.css]
[shippingwebsitesample.site/assets/css/module-css/page-header.css]
[shippingwebsitesample.site/assets/css/module-css/contact.css]
[shippingwebsitesample.site/assets/css/module-css/pricing.css]
[shippingwebsitesample.site/assets/css/module-css/error.css]
[shippingwebsitesample.site/assets/css/module-css/quote.css]
[shippingwebsitesample.site/assets/css/style.css]
[shippingwebsitesample.site/assets/css/responsive.css]
[shippingwebsitesample.site/_debugbar/assets/stylesheets2134.css]
[shippingwebsitesample.site/assets/images/logoIcon/logo_dark.png]
[shippingwebsitesample.site/_debugbar/assets/javascript2134]
[shippingwebsitesample.site/company.html]
[shippingwebsitesample.site/fleet.html]
[shippingwebsitesample.site/compliance.html]
[shippingwebsitesample.site/international_shipping.html]
[shippingwebsitesample.site/domestic_shipping.html]
[shippingwebsitesample.site/cargo_freight.html]
[shippingwebsitesample.site/pet_delivery.html]
[shippingwebsitesample.site/customs.html]
[shippingwebsitesample.site/warehouse.html]
[shippingwebsitesample.site/special_cargo.html]
[shippingwebsitesample.site/supply_chain.html]
[shippingwebsitesample.site/shipping_policy.html]
[shippingwebsitesample.site/returns_policy.html]
[shippingwebsitesample.site/customs_policy.html]
[shippingwebsitesample.site/insurance_policy.html]
[shippingwebsitesample.site/payment_policy.html]
[shippingwebsitesample.site/privacy_policy.html]
[shippingwebsitesample.site/terms.html]
[shippingwebsitesample.site/faqs.html]
[shippingwebsitesample.site/partnerships.html]
[shippingwebsitesample.site/careers.html]
[shippingwebsitesample.site/tracking.html]
[shippingwebsitesample.site/contact_us.html]
[shippingwebsitesample.site/assets/img/pattern/banner-v1-pattern.png]
[shippingwebsitesample.site/assets/img/pattern/banner-v1-pattern2.png]
[shippingwebsitesample.site/assets/img/banner/banner-v1-img1.png]
[shippingwebsitesample.site/assets/img/banner/banner-v1-img5.png]
[shippingwebsitesample.site/assets/img/shapes/banner-v1-shape1.png]
[shippingwebsitesample.site/assets/img/banner/USA.webp]
[shippingwebsitesample.site/assets/img/banner/Canada.jpg]
[shippingwebsitesample.site/assets/img/banner/banner-v1-flag1.png]
[shippingwebsitesample.site/assets/img/banner/Brazil.webp]
[shippingwebsitesample.site/assets/img/banner/Egypt.jpg]
[shippingwebsitesample.site/assets/img/banner/Italy.jpg]
[shippingwebsitesample.site/assets/img/banner/Germany.webp]
[shippingwebsitesample.site/assets/img/banner/Russia.jpg]
[shippingwebsitesample.site/assets/img/shapes/about-v1-shape1.png]
[shippingwebsitesample.site/assets/img/shapes/about-v1-shape2.png]
[shippingwebsitesample.site/assets/img/about/about-v1-img1.jpg]
[shippingwebsitesample.site/assets/img/about/about-v1-img2.jpg]
[shippingwebsitesample.site/assets/img/shapes/about-v1-shape3.png]
[shippingwebsitesample.site/assets/img/pattern/service-v1-pattern.jpg]
[shippingwebsitesample.site/assets/img/services/International Shipping.jpg]
[shippingwebsitesample.site/assets/img/services/Domestic Shipping.jpg]
[shippingwebsitesample.site/assets/img/services/Cargo Freight Services.jpg]
[shippingwebsitesample.site/assets/img/services/Pet Delivery.jpg]
[shippingwebsitesample.site/assets/img/services/E-commerce Logistics.webp]
[shippingwebsitesample.site/assets/img/services/Customs Clearance & Brokerage.jpg]
[shippingwebsitesample.site/assets/img/services/Warehousing & Distribution.jpg]
[shippingwebsitesample.site/assets/img/services/Specialized Cargo Handling.jpg]
[shippingwebsitesample.site/assets/img/services/Supply Chain Solutions.webp]
[shippingwebsitesample.site/assets/img/shapes/about-v2-shape2.png]
[shippingwebsitesample.site/assets/img/about/about-v3-img1.jpg]
[shippingwebsitesample.site/assets/img/about/about-v3-img2.jpg]
[shippingwebsitesample.site/assets/img/shapes/faq-v1-shape1.png]
[shippingwebsitesample.site/assets/img/resources/faq-v1-img1.jpg]
[shippingwebsitesample.site/assets/img/testimonial/female.png]
[shippingwebsitesample.site/assets/img/testimonial/male.png]
[shippingwebsitesample.site/assets/img/resources/cta-v1-img1.png]
[shippingwebsitesample.site/assets/img/pattern/cta-v1-pattern.png]
[shippingwebsitesample.site/assets/img/shapes/cta-v1-shape1.png]
[shippingwebsitesample.site/assets/img/shapes/cta-v1-shape2.png]
[shippingwebsitesample.site/assets/img/shapes/cta-v1-shape3.png]
[shippingwebsitesample.site/assets/img/blog/blog-v1-img1.jpg]
[shippingwebsitesample.site/ways_to_speedup_international_shipping]
[shippingwebsitesample.site/assets/img/blog/blog-v1-img2.jpg]
[shippingwebsitesample.site/future_of_ecommerce_logistics]
[shippingwebsitesample.site/assets/img/blog/blog-v1-img3.jpg]
[shippingwebsitesample.site/why_reliable_logistics_is_key]
[shippingwebsitesample.site/assets/img/brand/1.png]
[shippingwebsitesample.site/assets/img/brand/2.png]
[shippingwebsitesample.site/assets/img/brand/3.png]
[shippingwebsitesample.site/assets/img/brand/4.png]
[shippingwebsitesample.site/assets/img/brand/5.png]
[shippingwebsitesample.site/assets/img/brand/6.png]
[shippingwebsitesample.site/assets/img/pattern/footer-v1-pattern.png]
[shippingwebsitesample.site/services]
[shippingwebsitesample.site/assets/js/jquery-3.6.0.min.js]
[shippingwebsitesample.site/assets/js/bootstrap.bundle.min.js]
[shippingwebsitesample.site/assets/js/jarallax.min.js]
[shippingwebsitesample.site/assets/js/jquery.ajaxchimp.min.js]
[shippingwebsitesample.site/assets/js/jquery.appear.min.js]
[shippingwebsitesample.site/assets/js/swiper.min.js]
[shippingwebsitesample.site/assets/js/jquery.circle-progress.min.js]
[shippingwebsitesample.site/assets/js/jquery.magnific-popup.min.js]
[shippingwebsitesample.site/assets/js/jquery.validate.min.js]
[shippingwebsitesample.site/assets/js/odometer.min.js]
[shippingwebsitesample.site/assets/js/wNumb.min.js]
[shippingwebsitesample.site/assets/js/wow.js]
[shippingwebsitesample.site/assets/js/isotope.js]
[shippingwebsitesample.site/assets/js/owl.carousel.min.js]
[shippingwebsitesample.site/assets/js/jquery.circleType.js]
[shippingwebsitesample.site/assets/js/jquery.lettering.min.js]
[shippingwebsitesample.site/assets/js/jquery.nice-select.min.js]
[shippingwebsitesample.site/assets/js/marquee.min.js]
[shippingwebsitesample.site/assets/js/countdown.min.js]
[shippingwebsitesample.site/assets/js/jquery-sidebar-content.js]
[shippingwebsitesample.site/assets/js/gsap.js]
[shippingwebsitesample.site/assets/js/ScrollTrigger.js]
[shippingwebsitesample.site/assets/js/SplitText.js]
[shippingwebsitesample.site/assets/js/jquery-ui.js]
[shippingwebsitesample.site/assets/js/curved-text/jquery.circleType.js]
[shippingwebsitesample.site/assets/js/curved-text/jquery.fittext.js]
[shippingwebsitesample.site/assets/js/curved-text/jquery.lettering.min.js]
[shippingwebsitesample.site/assets/js/script.js]
[shippingwebsitesample.site/index.html]
[shippingwebsitesample.site/assets/css/bootstrap.min.css]
[shippingwebsitesample.site/assets/css/animate.min.css]
[shippingwebsitesample.site/assets/css/custom-animate.css]
[shippingwebsitesample.site/assets/css/swiper.min.css]
[shippingwebsitesample.site/assets/fonts/fa-brands-400.eot]
[shippingwebsitesample.site/assets/fonts/fa-brands-400d41dd41d.eot]
[shippingwebsitesample.site/assets/fonts/fa-brands-400.woff2]
[shippingwebsitesample.site/assets/fonts/fa-brands-400.woff]
[shippingwebsitesample.site/assets/fonts/fa-brands-400.ttf]
[shippingwebsitesample.site/assets/fonts/fa-light-300.woff2]
[shippingwebsitesample.site/assets/fonts/fa-light-300.woff]
[shippingwebsitesample.site/assets/fonts/fa-regular-400.eot]
[shippingwebsitesample.site/assets/fonts/fa-regular-400d41dd41d.eot]
[shippingwebsitesample.site/assets/fonts/fa-regular-400.woff2]
[shippingwebsitesample.site/assets/fonts/fa-regular-400.woff]
[shippingwebsitesample.site/assets/fonts/fa-solid-900.woff2]
[shippingwebsitesample.site/assets/fonts/fa-solid-900.woff]
[shippingwebsitesample.site/assets/css/font-awesome-all.css]
[shippingwebsitesample.site/assets/css/jarallax.css]
[shippingwebsitesample.site/assets/css/jquery.magnific-popup.css]
[shippingwebsitesample.site/assets/css/odometer.min.css]
[shippingwebsitesample.site/assets/fonts/icomoon78ed78ed.eot]
[shippingwebsitesample.site/assets/fonts/icomoon78ed78ed.ttf]
[shippingwebsitesample.site/assets/fonts/icomoon78ed78ed.woff]
[shippingwebsitesample.site/assets/css/flaticon.css]
[shippingwebsitesample.site/assets/fonts/icomoon78ed78ed.svg]
[shippingwebsitesample.site/assets/css/owl.carousel.min.css]
[shippingwebsitesample.site/assets/css/owl.theme.default.min.css]
[shippingwebsitesample.site/assets/css/nice-select.css]
[shippingwebsitesample.site/assets/css/jquery-ui.css]
[shippingwebsitesample.site/assets/css/module-css/slider.css]
[shippingwebsitesample.site/assets/css/module-css/banner.css]
[shippingwebsitesample.site/assets/css/module-css/about.css]
[shippingwebsitesample.site/assets/css/module-css/sliding-text.css]
[shippingwebsitesample.site/assets/css/module-css/services.css]
[shippingwebsitesample.site/assets/css/module-css/projects.css]
[shippingwebsitesample.site/assets/css/module-css/design-interior.css]
[shippingwebsitesample.site/assets/css/module-css/testimonial.css]
[shippingwebsitesample.site/assets/css/module-css/video.css]
[shippingwebsitesample.site/assets/css/module-css/awards.css]
[shippingwebsitesample.site/assets/css/module-css/blog.css]
[shippingwebsitesample.site/assets/css/module-css/brand.css]
[shippingwebsitesample.site/assets/css/module-css/counter.css]
[shippingwebsitesample.site/assets/css/module-css/team.css]
[shippingwebsitesample.site/assets/css/module-css/why-choose.css]
[shippingwebsitesample.site/assets/css/module-css/skill.css]
[shippingwebsitesample.site/assets/css/module-css/faq.css]
[shippingwebsitesample.site/assets/css/module-css/cta.css]
[shippingwebsitesample.site/assets/css/module-css/page-header.css]
[shippingwebsitesample.site/assets/css/module-css/contact.css]
[shippingwebsitesample.site/assets/css/module-css/pricing.css]
[shippingwebsitesample.site/assets/css/module-css/error.css]
[shippingwebsitesample.site/assets/css/module-css/quote.css]
[shippingwebsitesample.site/assets/css/module-css/footer.css]
[shippingwebsitesample.site/assets/css/module-css/feature.css]
[shippingwebsitesample.site/assets/images/icon/cross-out.c4.delayed]
[shippingwebsitesample.site/assets/css/style.css]
[shippingwebsitesample.site/assets/css/responsive.css]
[shippingwebsitesample.site/_debugbar/assets/stylesheets2134.css]
[shippingwebsitesample.site/assets/img/backgrounds/page-header-bg.jpg]
[shippingwebsitesample.site/assets/img/pattern/page-header-pattern.png]
[shippingwebsitesample.site/assets/images/pattern/why-choose-v1-pattern.png]
[shippingwebsitesample.site/assets/images/shapes/why-choose-v1-shape1.png]
[shippingwebsitesample.site/company.html]
[shippingwebsitesample.site/fleet.html]
[shippingwebsitesample.site/compliance.html]
[shippingwebsitesample.site/assets/img/resources/service-details-sidebar-img.png]
[shippingwebsitesample.site/network]
[shippingwebsitesample.site/assets/img/service/international_shipping.jpg]
[shippingwebsitesample.site/international_shipping.html]
[shippingwebsitesample.site/assets/img/service/Domestic Shipping.jpg]
[shippingwebsitesample.site/domestic_shipping.html]
[shippingwebsitesample.site/assets/img/service/Cargo Freight Services.jpg]
[shippingwebsitesample.site/cargo_freight.html]
[shippingwebsitesample.site/assets/img/service/Pet Delivery.webp]
[shippingwebsitesample.site/pet_delivery.html]
[shippingwebsitesample.site/e_commerce]
[shippingwebsitesample.site/assets/img/service/Customs Clearance.jpg]
[shippingwebsitesample.site/customs.html]
[shippingwebsitesample.site/assets/img/service/Warehousing & Distribution.png]
[shippingwebsitesample.site/warehouse.html]
[shippingwebsitesample.site/assets/img/service/Specialized Cargo Handling.webp]
[shippingwebsitesample.site/special_cargo.html]
[shippingwebsitesample.site/assets/img/service/Supply Chain Solutions.jpg]
[shippingwebsitesample.site/supply_chain.html]
[shippingwebsitesample.site/shipping_policy.html]
[shippingwebsitesample.site/returns_policy.html]
[shippingwebsitesample.site/customs_policy.html]
[shippingwebsitesample.site/insurance_policy.html]
[shippingwebsitesample.site/payment_policy.html]
[shippingwebsitesample.site/privacy_policy.html]
[shippingwebsitesample.site/terms.html]
[shippingwebsitesample.site/faqs.html]
[shippingwebsitesample.site/partnerships.html]
[shippingwebsitesample.site/careers.html]
[shippingwebsitesample.site/tracking.html]
[shippingwebsitesample.site/reviews]
[shippingwebsitesample.site/cargo_safety]
[shippingwebsitesample.site/contact_us.html]
[shippingwebsitesample.site/ways_to_speedup_international_shipping.html]
[shippingwebsitesample.site/future_of_ecommerce_logistics.html]
[shippingwebsitesample.site/why_reliable_logistics_is_key.html]
[shippingwebsitesample.site/services.html]
[shippingwebsitesample.site/assets/fonts/fa-brands-400.html]
[shippingwebsitesample.site/assets/fonts/fa-light-300.html]
[shippingwebsitesample.site/assets/fonts/fa-light-300d41dd41d.html]
[shippingwebsitesample.site/assets/fonts/fa-light-301.html]
[shippingwebsitesample.site/assets/fonts/fa-light-302.html]
[shippingwebsitesample.site/assets/fonts/fa-regular-400.html]
[shippingwebsitesample.site/assets/fonts/fa-regular-401.html]
[shippingwebsitesample.site/assets/fonts/fa-solid-900.html]
[shippingwebsitesample.site/assets/fonts/fa-solid-900d41dd41d.html]
[shippingwebsitesample.site/assets/fonts/fa-solid-901.html]
[shippingwebsitesample.site/assets/fonts/fa-solid-902.html]
[shippingwebsitesample.site/assets/fonts/icomoon78ed78ed.svg]
[shippingwebsitesample.site/assets/css/owl.video.play.html]
[shippingwebsitesample.site/assets/css/images/ui-bg_highlight-soft_75_cccccc_1x100.html]
[shippingwebsitesample.site/assets/css/images/ui-bg_glass_75_e6e6e6_1x400.html]
[shippingwebsitesample.site/assets/css/images/ui-bg_glass_75_dadada_1x400.html]
[shippingwebsitesample.site/assets/css/images/ui-bg_glass_65_ffffff_1x400.html]
[shippingwebsitesample.site/assets/css/images/ui-bg_glass_55_fbf9ee_1x400.html]
[shippingwebsitesample.site/assets/css/images/ui-bg_glass_95_fef1ec_1x400.html]
[shippingwebsitesample.site/assets/css/images/ui-icons_222222_256x240.html]
[shippingwebsitesample.site/assets/css/images/ui-icons_888888_256x240.html]
[shippingwebsitesample.site/assets/css/images/ui-icons_454545_256x240.html]
[shippingwebsitesample.site/assets/css/images/ui-icons_2e83ff_256x240.html]
[shippingwebsitesample.site/assets/css/images/ui-icons_cd0a0a_256x240.html]
[shippingwebsitesample.site/assets/css/module-css/footer.css]
[shippingwebsitesample.site/assets/css/module-css/feature.css]
[shippingwebsitesample.site/assets/images/icon/cross-out.html]
[shippingwebsitesample.site/assets/images/pattern/why-choose-v1-pattern.html]
[shippingwebsitesample.site/assets/images/shapes/why-choose-v1-shape1.html]
[shippingwebsitesample.site/network]
[shippingwebsitesample.site/assets/img/service/E-commerce Logistics.webp]
[shippingwebsitesample.site/e_commerce]
[shippingwebsitesample.site/cargo_safety]
[shippingwebsitesample.site/reviews]
[shippingwebsitesample.site/assets/images/pattern/contact-page-top-pattern.png]
[shippingwebsitesample.site/assets/images/pattern/contact-page-top-pattern.png]
